// Jest Snapshot v1, https://goo.gl/fbAQLP

exports[`icon test render successfully 1`] = `
<svg
  className="jui-icon"
>
  <use
    xlinkHref="#wechat"
  />
</svg>
`;
