// Jest Snapshot v1, https://goo.gl/fbAQLP

exports[`button test is div 1`] = `[Function]`;
